../Core/Src/main.c:81:5:main	8	static
../Core/Src/main.c:158:6:SystemClock_Config	88	static
../Core/Src/main.c:204:13:MX_I2C1_Init	8	static
../Core/Src/main.c:238:13:MX_I2S3_Init	8	static
../Core/Src/main.c:272:13:MX_SPI1_Init	8	static
../Core/Src/main.c:310:13:MX_TIM11_Init	8	static
../Core/Src/main.c:341:13:MX_GPIO_Init	56	static
../Core/Src/main.c:447:6:StartDefaultTask	16	static
../Core/Src/main.c:468:6:HAL_TIM_PeriodElapsedCallback	16	static
../Core/Src/main.c:485:6:Error_Handler	4	static,ignoring_inline_asm
